EN seven_segment NULL "E:/Ev/university/semester 4/CA lib/az6/Shift/seven_segment.vhd" sub00/vhpl02 1599758474
EN shift_reg NULL "E:/Ev/university/semester 4/CA lib/az6/Shift/shift_reg.vhd" sub00/vhpl00 1599758309
AR shift_reg behavioral "E:/Ev/university/semester 4/CA lib/az6/Shift/shift_reg.vhd" sub00/vhpl01 1599758310
